warning: The `fitz` API is deprecated and will be removed in future. Use `import pymupdf` instead.
MuPDF error: format error: cannot find object in xref (144 0 R)

共 58 个PDF, 检测文本层中...
  [跳过-排除] 2020年12月\2020年12月英语四级解析第1套.pdf
  [跳过-排除] 2020年12月\2020年12月英语四级解析第2套 .pdf
  [跳过-排除] 2020年12月\2020年12月英语四级解析第3套.pdf
  [跳过-排除] 2020年7月\2020年7月英语四级真题+听力+答案解析.pdf
  [跳过-排除] 2020年9月\2020.09四级真题解析第1套.pdf
  [跳过-排除] 2020年9月\2020.09四级真题解析第2套.pdf
  [跳过-排除] 2021年6月\2021年6月英语四级解析第一套 .pdf
  [跳过-排除] 2021年6月\2021年6月英语四级解析第三套 .pdf
  [跳过-排除] 2021年6月\2021年6月英语四级解析第二套 .pdf
  [跳过-排除] 2022年6月\2022.06英语四级真题解析\2022.06英语四级解析第1套 .pdf
  [跳过-排除] 2023年12月\2023.12英语四级解析第1套.pdf
  [跳过-排除] 2023年12月\2023.12英语四级解析第2套.pdf
  [跳过-排除] 2023年12月\2023.12英语四级解析第3套.pdf
  [跳过-排除] 2023年3月\2023年03月四级解析全3套.pdf
  [跳过-排除] 2023年6月\2023.6英语四级真题及答案解析第一套\2023年6月第1套英语四级真题.pdf
  [跳过-排除] 2023年6月\2023.6英语四级真题及答案解析第一套\2023年6月第1套英语四级真题解析.pdf
  [跳过-排除] 2023年6月\2023.6英语四级真题及答案解析第三套\2023年6月第3套英语四级真题.pdf
  [跳过-排除] 2023年6月\2023.6英语四级真题及答案解析第三套\2023年6月第3套英语四级真题解析.pdf
  [跳过-排除] 2023年6月\2023.6英语四级真题及答案解析第二套\2023年6月第2套英语四级真题.pdf
  [跳过-排除] 2023年6月\2023.6英语四级真题及答案解析第二套\2023年6月第2套英语四级真题解析.pdf
  [跳过-排除] 2024年6月\2024年06月四级考试真题答案速查（第1套）.pdf
  [跳过-排除] 2024年6月\2024年06月四级考试真题答案速查（第2套）.pdf
  [跳过-排除] 2024年6月\2024年06月四级考试真题答案速查（第3套）.pdf
  [跳过-排除] 2025年12月\2025年12月英语四级解析第1套.pdf
  [跳过-排除] 2025年12月\2025年12月英语四级解析第2套.pdf
  [跳过-排除] 2025年12月\2025年12月英语四级解析第3套.pdf
  [跳过-排除] 2025年6月\2025.06英语四级解析第1套.pdf
  [跳过-排除] 2025年6月\2025.06英语四级解析第2套.pdf
  [跳过-排除] 2025年6月\2025.06英语四级解析第3套.pdf
  [跳过-扫描件] 2020年12月\2020年12月英语四级解析第1套.pdf
  [跳过-扫描件] 2020年12月\2020年12月英语四级解析第2套 .pdf
  [跳过-扫描件] 2020年12月\2020年12月英语四级解析第3套.pdf
  [跳过-扫描件] 2020年7月\2020年7月英语四级真题+听力+答案解析.pdf
  [跳过-扫描件] 2020年9月\2020-9-四级真题1 .pdf
  [跳过-扫描件] 2020年9月\2020-9-四级真题2.pdf
  [跳过-扫描件] 2020年9月\2020.09四级真题解析第1套.pdf
  [跳过-扫描件] 2020年9月\2020.09四级真题解析第2套.pdf
  [跳过-扫描件] 2021年6月\2021年6月英语四级解析第一套 .pdf
  [跳过-扫描件] 2021年6月\2021年6月英语四级解析第三套 .pdf
  [跳过-扫描件] 2021年6月\2021年6月英语四级解析第二套 .pdf
  [跳过-扫描件] 2022年6月\2022.06英语四级真题解析\2022.06英语四级解析第1套 .pdf
  [跳过-扫描件] 2023年12月\2023.12英语四级解析第1套.pdf
  [跳过-扫描件] 2023年12月\2023.12英语四级解析第2套.pdf
  [跳过-扫描件] 2023年12月\2023.12英语四级解析第3套.pdf
  [跳过-扫描件] 2023年3月\2023年03月四级解析全3套.pdf
  [跳过-扫描件] 2023年6月\2023.6英语四级真题及答案解析第一套\2023年6月第1套英语四级真题.pdf
  [跳过-扫描件] 2023年6月\2023.6英语四级真题及答案解析第一套\2023年6月第1套英语四级真题解析.pdf
  [跳过-扫描件] 2023年6月\2023.6英语四级真题及答案解析第三套\2023年6月第3套英语四级真题.pdf
  [跳过-扫描件] 2023年6月\2023.6英语四级真题及答案解析第三套\2023年6月第3套英语四级真题解析.pdf
  [跳过-扫描件] 2023年6月\2023.6英语四级真题及答案解析第二套\2023年6月第2套英语四级真题.pdf
  [跳过-扫描件] 2023年6月\2023.6英语四级真题及答案解析第二套\2023年6月第2套英语四级真题解析.pdf
  [跳过-扫描件] 2024年12月\2024年12月四级真题原卷及答案（第1套）.pdf
  [跳过-扫描件] 2024年12月\2024年12月四级真题原卷及答案（第2套）.pdf
  [跳过-扫描件] 2024年12月\2024年12月四级真题原卷及答案（第3套）.pdf
  [跳过-扫描件] 2024年6月\2024年06月四级考试真题答案速查（第1套）.pdf
  [跳过-扫描件] 2024年6月\2024年06月四级考试真题答案速查（第2套）.pdf
  [跳过-扫描件] 2024年6月\2024年06月四级考试真题答案速查（第3套）.pdf
  [跳过-扫描件] 2025年12月\2025年12月英语四级解析第1套.pdf
  [跳过-扫描件] 2025年12月\2025年12月英语四级解析第2套.pdf
  [跳过-扫描件] 2025年12月\2025年12月英语四级解析第3套.pdf
  [跳过-扫描件] 2025年6月\2025.06英语四级解析第1套.pdf
  [跳过-扫描件] 2025年6月\2025.06英语四级解析第2套.pdf
  [跳过-扫描件] 2025年6月\2025.06英语四级解析第3套.pdf
将上传 24 个, 串行执行(避免压垮数据库)...

  [1/24] [OK] 2020年12月\2020年12月英语四级真题第1套 .pdf  23段 01a06c9b-4e13-70a3-81a1-c5ba40aa8b80
  [2/24] [OK] 2020年12月\2020年12月英语四级真题第2套 .pdf  19段 01a06c9b-64dd-7721-8a14-c26bb7db0d63
  [3/24] [OK] 2020年12月\2020年12月英语四级真题第3套.pdf  14段 01a06c9b-7824-7f30-bc8e-4f7368d0fc0e
  [4/24] [OK] 2020年7月\2020年7月大学英语四级考试真题组合卷.pdf  7段 01a06c9b-816b-78c2-a414-e21f0ab575f1
  [5/24] [OK] 2021年12月\21年12月四级真题+答案 （卷三） .pdf  2段 01a06c9b-8cbe-7692-8a26-d5f15546bd09
  [6/24] [OK] 2021年12月\21年12月四级真题+答案 （卷二） .pdf  4段 01a06c9b-9b54-7b32-a538-4d1edde3ff2c
  [7/24] [OK] 2021年12月\21年12月四级真题+答案（卷一） .pdf  5段 01a06c9b-ab2b-7eb2-9376-30ca545bd1ff
  [8/24] [OK] 2021年6月\第1套.pdf  20段 01a06c9b-b3b0-78a0-b6d4-46351d86daee
  [9/24] [OK] 2021年6月\第2套.pdf  98段 01a06c9b-bcb7-7fd0-a3a0-4f5d6f1c0789
  [10/24] [OK] 2021年6月\第3套.pdf  94段 01a06c9b-c553-76e0-9d5f-7d62b0104c11
  [11/24] [OK] 2022年6月\2022.06英语四级真题PDF\2022.06四级真题第1套 .pdf  20段 01a06c9b-d1a1-79d0-b585-8800431e615e
  [12/24] [OK] 2022年9月\2022年9月四级真题试卷(全3套).pdf  18段 01a06c9b-da95-7ea2-ac6b-1a706a38ff06
  [13/24] [OK] 2023年12月\2023.12四级真题第1套【可复制可检索】.pdf  7段 01a06c9b-f71d-7221-9a48-b52593b7c1b2
  [14/24] [OK] 2023年12月\2023.12四级真题第2套【可复制可检索】.pdf  6段 01a06c9c-09ff-7141-8272-5e0bd4a245c4
  [15/24] [OK] 2023年12月\2023.12四级真题第3套【可复制可检索】.pdf  5段 01a06c9c-1d72-7203-80b0-3f42035f8256
  [16/24] [OK] 2024年6月\2024年06月大学英语四级考试真题（第1套）.pdf  7段 01a06c9c-2612-7310-bd35-17801852264b
  [17/24] [OK] 2024年6月\2024年06月大学英语四级考试真题（第2套）.pdf  6段 01a06c9c-2d9a-7ae0-843b-3a49a0296659
  [18/24] [OK] 2024年6月\2024年06月大学英语四级考试真题（第3套）.pdf  5段 01a06c9c-34d3-7ee3-bdd1-c7110619dd47
  [19/24] [OK] 2025年12月\2025年12月四级真题第1套.pdf  11段 01a06c9c-3d48-7a22-880f-9ddc79e9ca7f
  [20/24] [OK] 2025年12月\2025年12月四级真题第2套.pdf  11段 01a06c9c-44b3-7f01-98cc-048cfc22af99
  [21/24] [OK] 2025年12月\2025年12月四级真题第3套.pdf  9段 01a06c9c-4bce-7fc0-903c-1f315b7dddb2
  [22/24] [OK] 2025年6月\2025.06四级真题第1套.pdf  6段 01a06c9c-5d62-70e1-899c-102832faa3d2
  [23/24] [OK] 2025年6月\2025.06四级真题第2套.pdf  6段 01a06c9c-6e2d-7591-9ac9-a87d9c116630
  [24/24] [OK] 2025年6月\2025.06四级真题第3套.pdf  5段 01a06c9c-7e1f-7820-9a13-5b131aa2126f

完成: OK 24 / 24
结果已存: E:\新建文件夹 (11)\meteor-master\meteor-master\后端\..\upload_kb_result.json
